// Jest Snapshot v1, https://goo.gl/fbAQLP

exports[`should render AddExpensePage correctly 1`] = `
<div>
  <div
    className="page-header"
  >
    <div
      className="content-container"
    >
      <h1
        className="page-header__title"
      >
        Neue Ausgabe
      </h1>
    </div>
  </div>
  <div
    className="content-container"
  >
    <ExpenseForm
      cancelButton={
        <button
          className="button button--dark-link"
          onClick={[Function]}
        >
          Abbrechen
        </button>
      }
      onSubmit={[Function]}
    />
  </div>
</div>
`;
